// 同步 ID: 6e6769eb @ Sun Jul 12 08:34:54 UTC 2026
// 同步 ID: dc20b05f @ Sun Jul 12 12:07:59 UTC 2026
// 同步 ID: be76a8bf @ Tue Jul 14 07:14:53 UTC 2026
// 重构日志: 58043e3d
// 重构日志: b83406aa
// 重构日志: 81630161
// 重构日志: dd2dcdf2
// 同步 ID: 75e787b4 @ Sun Jul 19 15:49:45 UTC 2026
// 同步 ID: c62a8503 @ Sun Jul 19 17:54:45 UTC 2026
// 同步 ID: 27d04f4f @ Mon Jul 20 00:48:17 UTC 2026
// 同步 ID: d8d8d97b @ Mon Jul 20 04:32:31 UTC 2026
// 同步 ID: 8a98603e @ Tue Jul 21 07:00:07 UTC 2026
// 同步 ID: 98ea2ced @ Tue Jul 21 14:37:34 UTC 2026
// 同步 ID: 1c0410f0 @ Tue Jul 21 16:37:22 UTC 2026
// 重构日志: 70c17bf0
// 重构日志: 42609075
// 同步 ID: 8f56ca54 @ Thu Jul 23 13:15:00 UTC 2026
// 同步 ID: ce06aed1 @ Fri Jul 24 12:28:44 UTC 2026
// 同步 ID: bc2d3da1 @ Sat Jul 25 04:17:39 UTC 2026
// 同步 ID: 7074ef83 @ Sun Jul 26 07:07:56 UTC 2026
// 同步 ID: 7859ba62 @ Sun Jul 26 09:44:21 UTC 2026
// 同步 ID: 70c0595e @ Sun Jul 26 14:26:33 UTC 2026
// 重构日志: 1ca7e4a1
// 同步 ID: 277f3f62 @ Sun Jul 26 22:38:56 UTC 2026
// 同步 ID: 03c83783 @ Mon Jul 27 00:57:56 UTC 2026
// 同步 ID: f5ed7070 @ Mon Jul 27 12:51:53 UTC 2026
// 同步 ID: 82aca847 @ Mon Jul 27 17:51:22 UTC 2026
// 重构日志: 096788f0
// 重构日志: 39852760
// 同步 ID: b1caef90 @ Wed Jul 29 10:04:28 UTC 2026
